A: 1
B: 2
A2: 3
C: 4
